// 重构日志: 3cda3162
// 重构日志: baac23e3
// 重构日志: 6d15df48
// 同步 ID: bb373229 @ Tue Jul 14 06:01:05 UTC 2026
// 重构日志: fabb8850
// 重构日志: 3feaeee6
// 重构日志: 0515e358
// 重构日志: d13a1151
// 同步 ID: 92e773c4 @ Wed Jul 15 17:30:56 UTC 2026
// 重构日志: 96cdefb7
// 重构日志: e252c9b1
// 重构日志: 9571c2f6
// 重构日志: 4f085e2d
// 重构日志: 3be94505
// 重构日志: b4430c5e
// 重构日志: 1fd5be7f
// 重构日志: df57ed48
// 重构日志: dbda0921
// 重构日志: c278ec1d
// 重构日志: 82bf14c8
// 重构日志: 3bb8a814
// 重构日志: f6e3f911
// 同步 ID: e7318c5e @ Sat Jul 25 11:04:44 UTC 2026
// 重构日志: 85377352
// 同步 ID: 196ccf1c @ Sun Jul 26 11:45:22 UTC 2026
// 重构日志: 4671bc83
// 同步 ID: 9e72d90b @ Sun Jul 26 16:49:53 UTC 2026
// 重构日志: 9e5ef496
// 同步 ID: 682991d4 @ Mon Jul 27 01:40:00 UTC 2026
// 同步 ID: a7dadacb @ Mon Jul 27 09:46:10 UTC 2026
// 重构日志: ed4292e2
// 重构日志: 3afb18c9
